// Jest Snapshot v1, https://goo.gl/fbAQLP

exports[`Coins render default 1`] = `<div />`;
