// Jest Snapshot v1, https://goo.gl/fbAQLP

exports[`Container render default 1`] = `
<div>
  <div
    class="container mx-auto p-8"
  >
    Container
  </div>
</div>
`;
