// Jest Snapshot v1, https://goo.gl/fbAQLP

exports[`Item render default 1`] = `
<div>
  <div
    class="px-8 py-4 border-t "
  >
    Item
  </div>
</div>
`;
