// Jest Snapshot v1, https://goo.gl/fbAQLP

exports[`Rates render default 1`] = `
<div>
  <div
    class="border rounded"
  >
    <div
      class="p-4"
    >
      <h1
        class="uppercase text-center text-2xl"
      >
        Forex
      </h1>
    </div>
    <div
      class="p-4 border-t"
    >
      <div
        class="flex justify-between items-center"
      >
        <div>
          <b>
            ABC
          </b>
           - 
          abcdef
        </div>
        <div>
          1â‚«
        </div>
      </div>
    </div>
  </div>
</div>
`;
