// Jest Snapshot v1, https://goo.gl/fbAQLP

exports[`Bitbucket render default 1`] = `
<div>
  <div
    class="p-4 flex items-center justify-between"
  >
    <div
      class="uppercase"
    >
      Bitbucket
    </div>
    <div
      class="flex items-center gap-2"
    >
      <div
        class="p-1 md:p-2 rounded border rounded-full"
      >
        <div
          class="flex items-center gap-2"
        >
          <p
            class="text-sm hidden md:block leading-4"
          >
            Loading
          </p>
          <div
            class="rounded-full w-3 h-3 md:w-4 md:h-4 bg-gray-500"
          />
        </div>
      </div>
      <button
        class="MuiButton-root MuiButton-outlined MuiButton-outlinedPrimary MuiButton-sizeMedium MuiButton-outlinedSizeMedium MuiButtonBase-root  css-1rwt2y5-MuiButtonBase-root-MuiButton-root"
        tabindex="0"
        type="button"
      >
        Refresh
        <span
          class="MuiTouchRipple-root css-8je8zh-MuiTouchRipple-root"
        />
      </button>
    </div>
  </div>
</div>
`;
